[thebypasser.com/index.html]
[backblue.gif]
[fade.gif]
[index.html]
[ajax.googleapis.com/ajax/libs/jquery/3.5.1/jquery.min.js]
[cdnjs.cloudflare.com/ajax/libs/twitter-bootstrap/4.3.1/css/bootstrap.min.css]
[cdnjs.cloudflare.com/ajax/libs/pace/1.0.2/themes/black/pace-theme-flash.min.css]
[thebypasser.com/assets/css/style.css]
[thebypasser.com/assets/img/favicon.png]
[thebypasser.com/versions/version2.html]
[thebypasser.com/versions/version3.html]
[cdnjs.cloudflare.com/ajax/libs/pace/1.0.2/pace.min.js]
[thebypasser.com/dynamic/index2a3b.html]
[pagead2.googlesyndication.com/pagead/js/f.txt]
[thebypasser.com/index.html]
[cdnjs.cloudflare.com/ajax/libs/twitter-bootstrap/4.3.1/css/bootstrap.min.css]
[cdnjs.cloudflare.com/ajax/libs/pace/1.0.2/themes/black/pace-theme-flash.min.css]
[thebypasser.com/assets/css/style.css]
[thebypasser.com/versions/assets/img/favicon.png]
[thebypasser.com/versions/assets/css/style.css]
[thebypasser.com/versions/version2.html]
[thebypasser.com/versions/version3.html]
[thebypasser.com/dynamic/index2a3b.html]
[thebypasser.com/versions/assets/css/style.css]
[cdnjs.cloudflare.com/ajax/libs/jquery/3.4.1/jquery.min.js]
[thebypasser.com/versions/dynamic/index2a3b.html]
[thebypasser.com/versions/dynamic/index2a3b.html]
